ODOO 11 para Debian 10

1) Agregar un nuevo usuario y estableciendo su clave:

$ sudo useradd -m -g sudo -s /bin/bash odev11 --home=/opt/odev11
$ sudo passwd

2) Instalar git, npm, postgresql, python3-dev:

$ sudo apt-get install git npm python3-dev postgresql 

3) Creando un enlace simbolico de nodejs a node:

$ sudo ln -s /usr/bin/nodejs /usr/bin/node

4) Instalando el compilador de less

$ sudo npm install -g less less-plugin-clean-css

5) Descargar el codigo fuente o transferirlos a la ruta del servidor, en este caso (/opt/odev11).

6) Crear usuario de la base de datos:

$ createuser --createdb --username postgres --no-createrole --no-superuser --pwprompt odev11
Ingresar clave (recomiendo utilizar la misma que el nombre "odev11")

7) Establecer Python3 por defecto:

$ sudo update-alternatives --install /usr/bin/python python /usr/bin/python3.7 1 (O la version que este en ese momento intalada)
$ sudo update-alternatives --config python

8) Instalar virtual env de python3:

$ sudo apt-get install python3-venv

9) Crear un entorno virtual de python para odoo (En caso de que vayan a haber varias versiones de odoo con dependencias y versiones diferentes, o algun paquete de python que se vaya a instalar en un futuro que no dane el actual):

En el directorio raiz del entorno (/opt/odev11/):
$ sudo python -m venv nombre_del_entorno (virt, para este caso)

Activar el entorno:
$ source virt/bin/activate (deactivate, para desactivar)

11) Instalar las dependencias de python:

$ pip3 install -r odoo/requirements.txt

$ cd odoo
$ python setup.py install (En caso de error de dependencia, instalar manaulmente las faltan y ejecutar nuevamente, o llamar python desde la ruta del entorno virtual EJ: ../virt/bin/python setup.py install)

(Opcional): volver a ejecutar => $ pip3 install -r odoo/requirements.txt

12) Correr o, en efecto, intentar correr odoo/odoo-bin:

Seguramente de error de varias dependencias y modulos de python, asi que se deben instalar manualmente tantas veces ya esten todas. 

Lista de algunos que podrian faltar:

pip3 install pypdf2
pip3 install passlib
pip3 install babel
pip3 install lxml
pip3 install decorator
pip3 install six

En caso de error con psycopg2:
$ sudo apt-get install python-psycopg2
$ sudo apt-get install libpq-dev
$ pip3 install psycopg2

pip3 install pyaml
pip3 install python-dateutil
pip3 install image (para PIL)
pip3 install Werkzeug==0.11.15
pip3 install psutil
pip3 install urllib3
pip3 install chardet
pip3 install certifi
pip3 install idna
pip3 install jinja2
pip3 install html2text
pip3 install docutils
pip3 install num2words
pip3 install phonenumbers
pip3 install requests
pip3 install reportlab
pip3 install suds-py3
easy_install vatnumber

Problema con el Wkhtmltopdf:

$ sudo apt-get install libfontconfig1 libxrender1

$ wget https://github.com/wkhtmltopdf/wkhtmltopdf/releases/download/0.12.4/wkhtmltox-0.12.4_linux-generic-amd64.tar.xz
$ tar xvf wkhtmltox-0.12.4_linux-generic-amd64.tar.xz
$ mv wkhtmltox/bin/wkhtmlto* /usr/bin/
$ ln -nfs /usr/bin/wkhtmltopdf /usr/local/bin/wkhtmltopdf

13) Generar archivo de configuracion:

$ odoo/odoo-bin -s



=========================================================================================================================
ODOO 14 para Debian 10 ARREGLAR ESTO

1) Agregar un nuevo usuario y estableciendo su clave:

$ sudo useradd -m -g sudo -s /bin/bash odev14 --home=/opt/odev14
$ sudo passwd odev14

2) Crear un entorno virtual de python para odoo (En caso de que vayan a haber varias versiones de odoo con dependencias y versiones diferentes, o algun paquete de python que se vaya a instalar en un futuro que no dane el actual):

En el directorio raiz del entorno (/opt/odev11/):
$ sudo python -m venv nombre_del_entorno (virt, para este caso)

Activar el entorno:
$ source virt/bin/activate (deactivate, para desactivar)



sudo apt-get install -y python3 python3-pip

sudo apt-get install -y libxml2-dev libxslt1-dev zlib1g-dev libsasl2-dev \
libldap2-dev libssl-dev python-dev python3-dev build-essential libffi-dev \
zlib1g-dev python-pip gcc

sudo apt-get install -y python-pypdf2 python-dateutil python-feedparser \
python-ldap python-libxslt1 python-lxml python-mako python-openid \
python-psycopg2 python-babel python-pychart python-pydot python-pyparsing \
python-reportlab python-simplejson python-tz python-vatnumber python-vobject \
python-webdav python-werkzeug python-xlwt python-yaml python-zsi \
python-docutils python-psutil python-mock python-unittest2 python-jinja2 \
python-decorator python-requests python-passlib python-pil

sudo pip3 install PyPDF2 Werkzeug==0.11.15 python-dateutil reportlab \
psycopg2-binary

sudo apt-get install -y npm
sudo ln -s /usr/bin/nodejs /usr/bin/node
sudo npm install -g less less-plugin-clean-css
sudo apt-get install -y node-less

sudo adduser --system --home=/opt/odoo --group odoo
sudo apt-get install postgresql
sudo su - postgres
createuser --createdb --username postgres --no-createrole --no-superuser --pwprompt odoo
psql
ALTER USER odoo WITH SUPERUSER;
\q
exit

sudo su - odoo -s /bin/bash
git clone https://www.github.com/odoo/odoo --depth 1 --branch 14.0 --single-branch . 
sudo pip3 install -r requirements.txt
exit

sudo -Hu odoo ./odoo-bin


